[2026-09-15 10:15:13Z INFO HostContext] No proxy settings were found based on environmental variables (http_proxy/https_proxy/HTTP_PROXY/HTTPS_PROXY)
[2026-09-15 10:15:13Z INFO HostContext] Well known directory 'Bin': 'D:\cicd-project\.runner\bin'
[2026-09-15 10:15:13Z INFO HostContext] Well known directory 'Root': 'D:\cicd-project\.runner'
[2026-09-15 10:15:13Z INFO HostContext] Well known config file 'Credentials': 'D:\cicd-project\.runner\.credentials'
[2026-09-15 10:15:13Z INFO HostContext] Well known directory 'Bin': 'D:\cicd-project\.runner\bin'
[2026-09-15 10:15:13Z INFO HostContext] Well known directory 'Root': 'D:\cicd-project\.runner'
[2026-09-15 10:15:13Z INFO HostContext] Well known config file 'Runner': 'D:\cicd-project\.runner\.runner'
[2026-09-15 10:15:13Z INFO Listener] Runner is built for Windows (X64) - win-x64.
[2026-09-15 10:15:13Z INFO Listener] RuntimeInformation: Microsoft Windows 10.0.26200.
[2026-09-15 10:15:13Z INFO Listener] Version: 2.321.0
[2026-09-15 10:15:13Z INFO Listener] Commit: e249007931b7c8e857797fa259c167f0bd4f997a
[2026-09-15 10:15:13Z INFO Listener] Culture: en-US
[2026-09-15 10:15:13Z INFO Listener] UI Culture: en-US
[2026-09-15 10:15:13Z INFO HostContext] Well known directory 'Bin': 'D:\cicd-project\.runner\bin'
[2026-09-15 10:15:13Z INFO HostContext] Well known directory 'Root': 'D:\cicd-project\.runner'
[2026-09-15 10:15:13Z INFO Listener] Validating directory permissions for: 'D:\cicd-project\.runner'
[2026-09-15 10:15:13Z INFO CommandLineParser] Parse
[2026-09-15 10:15:13Z INFO CommandLineParser] Parsing 11 args
[2026-09-15 10:15:13Z INFO CommandLineParser] parsing argument
[2026-09-15 10:15:13Z INFO CommandLineParser] HasArgs: False
[2026-09-15 10:15:13Z INFO CommandLineParser] Adding Command: configure
[2026-09-15 10:15:13Z INFO CommandLineParser] parsing argument
[2026-09-15 10:15:13Z INFO CommandLineParser] HasArgs: True
[2026-09-15 10:15:13Z INFO CommandLineParser] arg: url
[2026-09-15 10:15:13Z INFO CommandLineParser] parsing argument
[2026-09-15 10:15:13Z INFO CommandLineParser] HasArgs: True
[2026-09-15 10:15:13Z INFO CommandLineParser] Adding option 'url': 'https://github.com/hassawan456-bit/registration-app'
[2026-09-15 10:15:13Z INFO CommandLineParser] parsing argument
[2026-09-15 10:15:13Z INFO CommandLineParser] HasArgs: True
[2026-09-15 10:15:13Z INFO CommandLineParser] arg: token
[2026-09-15 10:15:13Z INFO CommandLineParser] parsing argument
[2026-09-15 10:15:13Z INFO CommandLineParser] HasArgs: True
[2026-09-15 10:15:13Z INFO CommandLineParser] Adding option 'token': '***'
[2026-09-15 10:15:13Z INFO CommandLineParser] parsing argument
[2026-09-15 10:15:13Z INFO CommandLineParser] HasArgs: True
[2026-09-15 10:15:13Z INFO CommandLineParser] arg: name
[2026-09-15 10:15:13Z INFO CommandLineParser] parsing argument
[2026-09-15 10:15:13Z INFO CommandLineParser] HasArgs: True
[2026-09-15 10:15:13Z INFO CommandLineParser] Adding option 'name': 'local-runner'
[2026-09-15 10:15:13Z INFO CommandLineParser] parsing argument
[2026-09-15 10:15:13Z INFO CommandLineParser] HasArgs: True
[2026-09-15 10:15:13Z INFO CommandLineParser] arg: labels
[2026-09-15 10:15:13Z INFO CommandLineParser] parsing argument
[2026-09-15 10:15:13Z INFO CommandLineParser] HasArgs: True
[2026-09-15 10:15:13Z INFO CommandLineParser] Adding option 'labels': 'self-hosted,Windows'
[2026-09-15 10:15:13Z INFO CommandLineParser] parsing argument
[2026-09-15 10:15:13Z INFO CommandLineParser] HasArgs: True
[2026-09-15 10:15:13Z INFO CommandLineParser] arg: unattended
[2026-09-15 10:15:13Z INFO CommandLineParser] parsing argument
[2026-09-15 10:15:13Z INFO CommandLineParser] HasArgs: True
[2026-09-15 10:15:13Z INFO CommandLineParser] arg: replace
[2026-09-15 10:15:13Z INFO CommandLineParser] Adding flag: unattended
[2026-09-15 10:15:13Z INFO Listener] Arguments parsed
[2026-09-15 10:15:14Z INFO Runner] ExecuteCommand
[2026-09-15 10:15:14Z INFO ConfigurationStore] currentAssemblyLocation: D:\cicd-project\.runner\bin\Runner.Listener.dll
[2026-09-15 10:15:14Z INFO HostContext] Well known directory 'Bin': 'D:\cicd-project\.runner\bin'
[2026-09-15 10:15:14Z INFO ConfigurationStore] binPath: D:\cicd-project\.runner\bin
[2026-09-15 10:15:14Z INFO HostContext] Well known directory 'Bin': 'D:\cicd-project\.runner\bin'
[2026-09-15 10:15:14Z INFO HostContext] Well known directory 'Root': 'D:\cicd-project\.runner'
[2026-09-15 10:15:14Z INFO ConfigurationStore] RootFolder: D:\cicd-project\.runner
[2026-09-15 10:15:14Z INFO HostContext] Well known directory 'Bin': 'D:\cicd-project\.runner\bin'
[2026-09-15 10:15:14Z INFO HostContext] Well known directory 'Root': 'D:\cicd-project\.runner'
[2026-09-15 10:15:14Z INFO HostContext] Well known config file 'Runner': 'D:\cicd-project\.runner\.runner'
[2026-09-15 10:15:14Z INFO ConfigurationStore] ConfigFilePath: D:\cicd-project\.runner\.runner
[2026-09-15 10:15:14Z INFO HostContext] Well known directory 'Bin': 'D:\cicd-project\.runner\bin'
[2026-09-15 10:15:14Z INFO HostContext] Well known directory 'Root': 'D:\cicd-project\.runner'
[2026-09-15 10:15:14Z INFO HostContext] Well known config file 'Credentials': 'D:\cicd-project\.runner\.credentials'
[2026-09-15 10:15:14Z INFO ConfigurationStore] CredFilePath: D:\cicd-project\.runner\.credentials
[2026-09-15 10:15:14Z INFO HostContext] Well known directory 'Bin': 'D:\cicd-project\.runner\bin'
[2026-09-15 10:15:14Z INFO HostContext] Well known directory 'Root': 'D:\cicd-project\.runner'
[2026-09-15 10:15:14Z INFO HostContext] Well known config file 'MigratedCredentials': 'D:\cicd-project\.runner\.credentials_migrated'
[2026-09-15 10:15:14Z INFO ConfigurationStore] MigratedCredFilePath: D:\cicd-project\.runner\.credentials_migrated
[2026-09-15 10:15:14Z INFO HostContext] Well known directory 'Bin': 'D:\cicd-project\.runner\bin'
[2026-09-15 10:15:14Z INFO HostContext] Well known directory 'Root': 'D:\cicd-project\.runner'
[2026-09-15 10:15:14Z INFO HostContext] Well known config file 'Service': 'D:\cicd-project\.runner\.service'
[2026-09-15 10:15:14Z INFO ConfigurationStore] ServiceConfigFilePath: D:\cicd-project\.runner\.service
[2026-09-15 10:15:14Z INFO CommandSettings] Flag 'help': 'False'
[2026-09-15 10:15:14Z INFO CommandSettings] Flag 'version': 'False'
[2026-09-15 10:15:14Z INFO CommandSettings] Flag 'commit': 'False'
[2026-09-15 10:15:14Z INFO CommandSettings] Flag 'check': 'False'
[2026-09-15 10:15:14Z INFO CommandSettings] Command 'configure': 'True'
[2026-09-15 10:15:14Z INFO Terminal] WRITE LINE: 
[2026-09-15 10:15:14Z INFO Terminal] WRITE LINE: --------------------------------------------------------------------------------
[2026-09-15 10:15:14Z INFO Terminal] WRITE LINE: |        ____ _ _   _   _       _          _        _   _                      |
[2026-09-15 10:15:14Z INFO Terminal] WRITE LINE: |       / ___(_) |_| | | |_   _| |__      / \   ___| |_(_) ___  _ __  ___      |
[2026-09-15 10:15:14Z INFO Terminal] WRITE LINE: |      | |  _| | __| |_| | | | | '_ \    / _ \ / __| __| |/ _ \| '_ \/ __|     |
[2026-09-15 10:15:14Z INFO Terminal] WRITE LINE: |      | |_| | | |_|  _  | |_| | |_) |  / ___ \ (__| |_| | (_) | | | \__ \     |
[2026-09-15 10:15:14Z INFO Terminal] WRITE LINE: |       \____|_|\__|_| |_|\__,_|_.__/  /_/   \_\___|\__|_|\___/|_| |_|___/     |
[2026-09-15 10:15:14Z INFO Terminal] WRITE LINE: |                                                                              |
[2026-09-15 10:15:14Z INFO Terminal] WRITE: |                       
[2026-09-15 10:15:14Z INFO Terminal] WRITE: Self-hosted runner registration
[2026-09-15 10:15:14Z INFO Terminal] WRITE LINE:                         |
[2026-09-15 10:15:14Z INFO Terminal] WRITE LINE: |                                                                              |
[2026-09-15 10:15:14Z INFO Terminal] WRITE LINE: --------------------------------------------------------------------------------
[2026-09-15 10:15:14Z INFO ConfigurationManager] ConfigureAsync
[2026-09-15 10:15:14Z INFO CommandSettings] Flag 'generateServiceConfig': 'False'
[2026-09-15 10:15:14Z INFO ConfigurationStore] IsConfigured()
[2026-09-15 10:15:14Z INFO ConfigurationStore] IsConfigured: False
[2026-09-15 10:15:14Z INFO ConfigurationManager] Is configured: False
[2026-09-15 10:15:14Z INFO CommandSettings] Arg 'url': 'https://github.com/hassawan456-bit/registration-app'
[2026-09-15 10:15:14Z INFO CommandSettings] Remove url from Arg dictionary.
[2026-09-15 10:15:14Z INFO CommandSettings] Arg 'token': '***'
[2026-09-15 10:15:14Z INFO CommandSettings] Remove token from Arg dictionary.
[2026-09-15 10:15:17Z INFO ConfigurationManager] Http response code: OK from 'POST https://api.github.com/actions/runner-registration' (13D0:0BEF:12181E:12CEAE:6AA91AB5)
[2026-09-15 10:15:17Z INFO ConfigurationManager] Using V2 flow: False
[2026-09-15 10:15:17Z INFO ConfigurationManager] cred retrieved via GitHub auth
[2026-09-15 10:15:17Z INFO RunnerServer] EstablishVssConnection
[2026-09-15 10:15:17Z INFO RunnerServer] Establish connection with 100 seconds timeout.
[2026-09-15 10:15:17Z INFO GitHubActionsService] Starting operation Location.GetConnectionData
[2026-09-15 10:15:17Z INFO RunnerServer] EstablishVssConnection
[2026-09-15 10:15:17Z INFO RunnerServer] Establish connection with 60 seconds timeout.
[2026-09-15 10:15:17Z INFO GitHubActionsService] Starting operation Location.GetConnectionData
[2026-09-15 10:15:17Z INFO RunnerServer] EstablishVssConnection
[2026-09-15 10:15:17Z INFO RunnerServer] Establish connection with 60 seconds timeout.
[2026-09-15 10:15:17Z INFO GitHubActionsService] Starting operation Location.GetConnectionData
[2026-09-15 10:15:19Z INFO GitHubActionsService] Finished operation Location.GetConnectionData
[2026-09-15 10:15:19Z INFO GitHubActionsService] Finished operation Location.GetConnectionData
[2026-09-15 10:15:19Z INFO GitHubActionsService] Finished operation Location.GetConnectionData
[2026-09-15 10:15:19Z INFO Terminal] WRITE LINE: 
[2026-09-15 10:15:19Z INFO ConfigurationManager] Test Connection complete.
[2026-09-15 10:15:19Z INFO HostContext] Well known directory 'Bin': 'D:\cicd-project\.runner\bin'
[2026-09-15 10:15:19Z INFO HostContext] Well known directory 'Root': 'D:\cicd-project\.runner'
[2026-09-15 10:15:19Z INFO HostContext] Well known config file 'RSACredentials': 'D:\cicd-project\.runner\.credentials_rsaparams'
[2026-09-15 10:15:19Z INFO RSAEncryptedFileKeyManager] Creating new RSA key using 2048-bit key length
[2026-09-15 10:15:19Z INFO RSAEncryptedFileKeyManager] Successfully saved RSA key parameters to file D:\cicd-project\.runner\.credentials_rsaparams
[2026-09-15 10:15:19Z INFO CommandSettings] Arg 'runnergroup': ''
[2026-09-15 10:15:19Z INFO CommandSettings] Flag 'unattended': 'True'
[2026-09-15 10:15:19Z INFO PromptManager] ReadValue
[2026-09-15 10:15:19Z INFO Terminal] WRITE LINE: 
[2026-09-15 10:15:19Z INFO ConfigurationManager] Found a self-hosted runner group with id 1 and name Default
[2026-09-15 10:15:19Z INFO CommandSettings] Flag 'disableupdate': 'False'
[2026-09-15 10:15:19Z INFO CommandSettings] Flag 'ephemeral': 'False'
[2026-09-15 10:15:19Z INFO CommandSettings] Arg 'name': 'local-runner'
[2026-09-15 10:15:19Z INFO CommandSettings] Remove name from Arg dictionary.
[2026-09-15 10:15:19Z INFO Terminal] WRITE LINE: 
[2026-09-15 10:15:19Z INFO CommandSettings] Arg 'labels': 'self-hosted,Windows'
[2026-09-15 10:15:19Z INFO CommandSettings] Remove labels from Arg dictionary.
[2026-09-15 10:15:19Z INFO Terminal] WRITE LINE: 
[2026-09-15 10:15:19Z INFO CommandSettings] Flag 'disableupdate': 'False'
[2026-09-15 10:15:19Z INFO CommandSettings] Flag 'no-default-labels': 'False'
[2026-09-15 10:15:20Z INFO CommandSettings] Flag 'disableupdate': 'False'
[2026-09-15 10:15:20Z INFO CommandSettings] Flag 'ephemeral': 'False'
[2026-09-15 10:15:20Z INFO ConfigurationStore] Saving OAuth credential @ D:\cicd-project\.runner\.credentials
[2026-09-15 10:15:20Z INFO ConfigurationStore] Credentials Saved.
[2026-09-15 10:15:20Z INFO ConfigurationStore] HasCredentials()
[2026-09-15 10:15:20Z INFO ConfigurationStore] stored True
[2026-09-15 10:15:20Z INFO CredentialManager] GetCredentialProvider
[2026-09-15 10:15:20Z INFO CredentialManager] Creating type OAuth
[2026-09-15 10:15:20Z INFO CredentialManager] Creating credential type: OAuth
[2026-09-15 10:15:20Z INFO RSAEncryptedFileKeyManager] Loading RSA key parameters from file D:\cicd-project\.runner\.credentials_rsaparams
[2026-09-15 10:15:20Z INFO RunnerServer] EstablishVssConnection
[2026-09-15 10:15:20Z INFO RunnerServer] Establish connection with 100 seconds timeout.
[2026-09-15 10:15:20Z INFO GitHubActionsService] Starting operation Location.GetConnectionData
[2026-09-15 10:15:20Z INFO RunnerServer] EstablishVssConnection
[2026-09-15 10:15:20Z INFO RunnerServer] Establish connection with 60 seconds timeout.
[2026-09-15 10:15:20Z INFO GitHubActionsService] Starting operation Location.GetConnectionData
[2026-09-15 10:15:20Z INFO RunnerServer] EstablishVssConnection
[2026-09-15 10:15:20Z INFO RunnerServer] Establish connection with 60 seconds timeout.
[2026-09-15 10:15:20Z INFO GitHubActionsService] Starting operation Location.GetConnectionData
[2026-09-15 10:15:21Z INFO GitHubActionsService] Finished operation Location.GetConnectionData
[2026-09-15 10:15:21Z INFO GitHubActionsService] Finished operation Location.GetConnectionData
[2026-09-15 10:15:21Z INFO GitHubActionsService] Finished operation Location.GetConnectionData
[2026-09-15 10:15:21Z INFO RSAEncryptedFileKeyManager] Loading RSA key parameters from file D:\cicd-project\.runner\.credentials_rsaparams
[2026-09-15 10:15:21Z INFO RSAEncryptedFileKeyManager] Loading RSA key parameters from file D:\cicd-project\.runner\.credentials_rsaparams
[2026-09-15 10:15:22Z INFO GitHubActionsService] AAD Correlation ID for this token request: Unknown
[2026-09-15 10:15:23Z INFO CommandSettings] Arg 'work': ''
[2026-09-15 10:15:23Z INFO CommandSettings] Flag 'unattended': 'True'
[2026-09-15 10:15:23Z INFO PromptManager] ReadValue
[2026-09-15 10:15:23Z INFO ConfigurationStore] Saving runner settings.
[2026-09-15 10:15:23Z INFO ConfigurationStore] Settings Saved.
[2026-09-15 10:15:23Z INFO Terminal] WRITE LINE: 
[2026-09-15 10:15:23Z INFO Terminal] WRITE LINE: 
[2026-09-15 10:15:23Z INFO CommandSettings] Flag 'runasservice': 'False'
[2026-09-15 10:15:23Z INFO CommandSettings] Flag 'unattended': 'True'
[2026-09-15 10:15:23Z INFO PromptManager] ReadValue
[2026-09-15 10:15:23Z INFO Listener] Runner execution has finished with return code 0
