[2026-09-15 10:16:23Z INFO HostContext] No proxy settings were found based on environmental variables (http_proxy/https_proxy/HTTP_PROXY/HTTPS_PROXY)
[2026-09-15 10:16:23Z INFO HostContext] Well known directory 'Bin': 'D:\cicd-project\.runner\bin'
[2026-09-15 10:16:23Z INFO HostContext] Well known directory 'Root': 'D:\cicd-project\.runner'
[2026-09-15 10:16:23Z INFO HostContext] Well known config file 'Credentials': 'D:\cicd-project\.runner\.credentials'
[2026-09-15 10:16:23Z INFO HostContext] Well known directory 'Bin': 'D:\cicd-project\.runner\bin'
[2026-09-15 10:16:23Z INFO HostContext] Well known directory 'Root': 'D:\cicd-project\.runner'
[2026-09-15 10:16:23Z INFO HostContext] Well known config file 'Runner': 'D:\cicd-project\.runner\.runner'
[2026-09-15 10:16:23Z INFO Listener] Runner is built for Windows (X64) - win-x64.
[2026-09-15 10:16:23Z INFO Listener] RuntimeInformation: Microsoft Windows 10.0.26200.
[2026-09-15 10:16:23Z INFO Listener] Version: 2.321.0
[2026-09-15 10:16:23Z INFO Listener] Commit: e249007931b7c8e857797fa259c167f0bd4f997a
[2026-09-15 10:16:23Z INFO Listener] Culture: en-US
[2026-09-15 10:16:23Z INFO Listener] UI Culture: en-US
[2026-09-15 10:16:23Z INFO HostContext] Well known directory 'Bin': 'D:\cicd-project\.runner\bin'
[2026-09-15 10:16:23Z INFO HostContext] Well known directory 'Root': 'D:\cicd-project\.runner'
[2026-09-15 10:16:23Z INFO Listener] Validating directory permissions for: 'D:\cicd-project\.runner'
[2026-09-15 10:16:23Z INFO CommandLineParser] Parse
[2026-09-15 10:16:23Z INFO CommandLineParser] Parsing 2 args
[2026-09-15 10:16:23Z INFO CommandLineParser] parsing argument
[2026-09-15 10:16:23Z INFO CommandLineParser] HasArgs: False
[2026-09-15 10:16:23Z INFO CommandLineParser] Adding Command: run
[2026-09-15 10:16:23Z INFO CommandLineParser] parsing argument
[2026-09-15 10:16:23Z INFO CommandLineParser] HasArgs: False
[2026-09-15 10:16:23Z INFO CommandLineParser] Adding Command: install
[2026-09-15 10:16:23Z INFO Listener] Arguments parsed
[2026-09-15 10:16:23Z INFO CommandSettings] Command 'configure': 'False'
[2026-09-15 10:16:23Z INFO CommandSettings] Command 'remove': 'False'
[2026-09-15 10:16:23Z INFO CommandSettings] Command 'run': 'True'
[2026-09-15 10:16:23Z ERR  Terminal] WRITE ERROR: Unrecognized command-line input arguments for command run: 'install'. For usage refer to: .\config.cmd --help or ./config.sh --help
[2026-09-15 10:16:23Z INFO Runner] ExecuteCommand
[2026-09-15 10:16:23Z INFO ConfigurationStore] currentAssemblyLocation: D:\cicd-project\.runner\bin\Runner.Listener.dll
[2026-09-15 10:16:23Z INFO HostContext] Well known directory 'Bin': 'D:\cicd-project\.runner\bin'
[2026-09-15 10:16:23Z INFO ConfigurationStore] binPath: D:\cicd-project\.runner\bin
[2026-09-15 10:16:23Z INFO HostContext] Well known directory 'Bin': 'D:\cicd-project\.runner\bin'
[2026-09-15 10:16:23Z INFO HostContext] Well known directory 'Root': 'D:\cicd-project\.runner'
[2026-09-15 10:16:23Z INFO ConfigurationStore] RootFolder: D:\cicd-project\.runner
[2026-09-15 10:16:23Z INFO HostContext] Well known directory 'Bin': 'D:\cicd-project\.runner\bin'
[2026-09-15 10:16:23Z INFO HostContext] Well known directory 'Root': 'D:\cicd-project\.runner'
[2026-09-15 10:16:23Z INFO HostContext] Well known config file 'Runner': 'D:\cicd-project\.runner\.runner'
[2026-09-15 10:16:23Z INFO ConfigurationStore] ConfigFilePath: D:\cicd-project\.runner\.runner
[2026-09-15 10:16:23Z INFO HostContext] Well known directory 'Bin': 'D:\cicd-project\.runner\bin'
[2026-09-15 10:16:23Z INFO HostContext] Well known directory 'Root': 'D:\cicd-project\.runner'
[2026-09-15 10:16:23Z INFO HostContext] Well known config file 'Credentials': 'D:\cicd-project\.runner\.credentials'
[2026-09-15 10:16:23Z INFO ConfigurationStore] CredFilePath: D:\cicd-project\.runner\.credentials
[2026-09-15 10:16:23Z INFO HostContext] Well known directory 'Bin': 'D:\cicd-project\.runner\bin'
[2026-09-15 10:16:23Z INFO HostContext] Well known directory 'Root': 'D:\cicd-project\.runner'
[2026-09-15 10:16:23Z INFO HostContext] Well known config file 'MigratedCredentials': 'D:\cicd-project\.runner\.credentials_migrated'
[2026-09-15 10:16:23Z INFO ConfigurationStore] MigratedCredFilePath: D:\cicd-project\.runner\.credentials_migrated
[2026-09-15 10:16:23Z INFO HostContext] Well known directory 'Bin': 'D:\cicd-project\.runner\bin'
[2026-09-15 10:16:23Z INFO HostContext] Well known directory 'Root': 'D:\cicd-project\.runner'
[2026-09-15 10:16:23Z INFO HostContext] Well known config file 'Service': 'D:\cicd-project\.runner\.service'
[2026-09-15 10:16:23Z INFO ConfigurationStore] ServiceConfigFilePath: D:\cicd-project\.runner\.service
[2026-09-15 10:16:23Z INFO CommandSettings] Flag 'help': 'False'
[2026-09-15 10:16:23Z INFO CommandSettings] Flag 'version': 'False'
[2026-09-15 10:16:23Z INFO CommandSettings] Flag 'commit': 'False'
[2026-09-15 10:16:23Z INFO CommandSettings] Flag 'check': 'False'
[2026-09-15 10:16:23Z INFO CommandSettings] Command 'configure': 'False'
[2026-09-15 10:16:23Z INFO CommandSettings] Command 'remove': 'False'
[2026-09-15 10:16:23Z INFO CommandSettings] Command 'warmup': 'False'
[2026-09-15 10:16:23Z INFO ConfigurationManager] LoadSettings
[2026-09-15 10:16:23Z INFO ConfigurationStore] IsConfigured()
[2026-09-15 10:16:23Z INFO ConfigurationStore] IsConfigured: True
[2026-09-15 10:16:23Z INFO ConfigurationManager] Is configured: True
[2026-09-15 10:16:23Z INFO ConfigurationStore] Read setting file: 319 chars
[2026-09-15 10:16:23Z INFO ConfigurationManager] Settings Loaded
[2026-09-15 10:16:23Z INFO ConfigurationStore] IsServiceConfigured()
[2026-09-15 10:16:23Z INFO ConfigurationStore] IsServiceConfigured: False
[2026-09-15 10:16:23Z INFO CommandSettings] Command 'run': 'True'
[2026-09-15 10:16:23Z INFO ConfigurationStore] IsConfigured()
[2026-09-15 10:16:23Z INFO ConfigurationStore] IsConfigured: True
[2026-09-15 10:16:23Z INFO ConfigurationManager] Is configured: True
[2026-09-15 10:16:23Z INFO Runner] Could not parse the argument value '' for StartupType. Defaulting to Manual
[2026-09-15 10:16:23Z INFO Runner] Set runner startup type - Manual
[2026-09-15 10:16:23Z INFO CommandSettings] Flag 'once': 'False'
[2026-09-15 10:16:23Z INFO CommandSettings] Flag 'once': 'False'
[2026-09-15 10:16:23Z INFO Runner] RunAsync
[2026-09-15 10:16:23Z INFO ConfigurationManager] LoadSettings
[2026-09-15 10:16:23Z INFO ConfigurationStore] IsConfigured()
[2026-09-15 10:16:23Z INFO ConfigurationStore] IsConfigured: True
[2026-09-15 10:16:23Z INFO ConfigurationManager] Is configured: True
[2026-09-15 10:16:23Z INFO ConfigurationManager] Settings Loaded
[2026-09-15 10:16:23Z INFO MessageListener] {
  "AgentId": 2,
  "AgentName": "local-runner",
  "PoolId": 1,
  "PoolName": "Default",
  "ServerUrl": "https://pipelinesghubeus21.actions.githubusercontent.com/tMnl3wWqXvkCVUXGAyJJhoeyOnQWwj3Px20udjUDySZfl4LQUb/",
  "GitHubUrl": "https://github.com/hassawan456-bit/registration-app",
  "WorkFolder": "_work"
}
[2026-09-15 10:16:23Z INFO MessageListener] Loading Credentials
[2026-09-15 10:16:23Z INFO ConfigurationStore] HasCredentials()
[2026-09-15 10:16:23Z INFO ConfigurationStore] stored True
[2026-09-15 10:16:23Z INFO CredentialManager] GetCredentialProvider
[2026-09-15 10:16:23Z INFO CredentialManager] Creating type OAuth
[2026-09-15 10:16:23Z INFO CredentialManager] Creating credential type: OAuth
[2026-09-15 10:16:23Z INFO HostContext] Well known directory 'Bin': 'D:\cicd-project\.runner\bin'
[2026-09-15 10:16:23Z INFO HostContext] Well known directory 'Root': 'D:\cicd-project\.runner'
[2026-09-15 10:16:23Z INFO HostContext] Well known config file 'RSACredentials': 'D:\cicd-project\.runner\.credentials_rsaparams'
[2026-09-15 10:16:23Z INFO RSAEncryptedFileKeyManager] Loading RSA key parameters from file D:\cicd-project\.runner\.credentials_rsaparams
[2026-09-15 10:16:23Z INFO MessageListener] Attempt to create session.
[2026-09-15 10:16:23Z INFO MessageListener] Connecting to the Runner Server...
[2026-09-15 10:16:23Z INFO RunnerServer] EstablishVssConnection
[2026-09-15 10:16:23Z INFO RunnerServer] Establish connection with 100 seconds timeout.
[2026-09-15 10:16:23Z INFO GitHubActionsService] Starting operation Location.GetConnectionData
[2026-09-15 10:16:23Z INFO RunnerServer] EstablishVssConnection
[2026-09-15 10:16:23Z INFO RunnerServer] Establish connection with 60 seconds timeout.
[2026-09-15 10:16:23Z INFO GitHubActionsService] Starting operation Location.GetConnectionData
[2026-09-15 10:16:23Z INFO RunnerServer] EstablishVssConnection
[2026-09-15 10:16:23Z INFO RunnerServer] Establish connection with 60 seconds timeout.
[2026-09-15 10:16:23Z INFO GitHubActionsService] Starting operation Location.GetConnectionData
[2026-09-15 10:16:25Z INFO GitHubActionsService] Finished operation Location.GetConnectionData
[2026-09-15 10:16:25Z INFO GitHubActionsService] Finished operation Location.GetConnectionData
[2026-09-15 10:16:25Z INFO GitHubActionsService] Finished operation Location.GetConnectionData
[2026-09-15 10:16:25Z INFO MessageListener] VssConnection created
[2026-09-15 10:16:25Z INFO Terminal] WRITE LINE: 
[2026-09-15 10:16:25Z INFO Terminal] WRITE LINE: 
[2026-09-15 10:16:26Z INFO RSAEncryptedFileKeyManager] Loading RSA key parameters from file D:\cicd-project\.runner\.credentials_rsaparams
[2026-09-15 10:16:26Z INFO RSAEncryptedFileKeyManager] Loading RSA key parameters from file D:\cicd-project\.runner\.credentials_rsaparams
[2026-09-15 10:16:27Z INFO GitHubActionsService] AAD Correlation ID for this token request: Unknown
[2026-09-15 10:16:27Z INFO MessageListener] Session created.
[2026-09-15 10:16:27Z INFO Terminal] WRITE LINE: Current runner version: '2.321.0'
[2026-09-15 10:16:27Z INFO Terminal] WRITE LINE: 2026-09-15 10:16:27Z: Listening for Jobs
[2026-09-15 10:16:27Z INFO JobDispatcher] Set runner/worker IPC timeout to 30 seconds.
[2026-09-15 10:16:28Z INFO RSAEncryptedFileKeyManager] Loading RSA key parameters from file D:\cicd-project\.runner\.credentials_rsaparams
[2026-09-15 10:16:29Z INFO GitHubActionsService] AAD Correlation ID for this token request: Unknown
